<?xml version="1.0" standalone="yes"?>
<?xml-stylesheet type="text/xsl" href="zcode.xsl"?>
<zfile>

<constants>
  <anon>
    <value>1260</value>
    <constant_key>paged_memory_address</constant_key>
  </anon>
  <anon>
    <value>&quot;040910&quot;</value>
    <constant_key>serial_code</constant_key>
  </anon>
  <anon>
    <value>1249</value>
    <constant_key>static_memory_address</constant_key>
  </anon>
  <anon>
    <value>66</value>
    <constant_key>abbrev_table_address</constant_key>
  </anon>
  <anon>
    <value>14</value>
    <constant_key>object_bytes</constant_key>
  </anon>
  <anon>
    <value>0</value>
    <constant_key>routines_offset</constant_key>
  </anon>
  <anon>
    <value>18604</value>
    <constant_key>file_checksum</constant_key>
  </anon>
  <anon>
    <value>1364</value>
    <constant_key>file_length</constant_key>
  </anon>
  <anon>
    <value>65535</value>
    <constant_key>max_objects</constant_key>
  </anon>
  <anon>
    <value>6</value>
    <constant_key>attribute_bytes</constant_key>
  </anon>
  <anon>
    <value>2</value>
    <constant_key>pointer_size</constant_key>
  </anon>
  <anon>
    <value>266</value>
    <constant_key>object_table_address</constant_key>
  </anon>
  <anon>
    <value>63</value>
    <constant_key>max_properties</constant_key>
  </anon>
  <anon>
    <value>768</value>
    <constant_key>global_variable_address</constant_key>
  </anon>
  <anon>
    <value>9</value>
    <constant_key>encoded_word_length</constant_key>
  </anon>
  <anon>
    <value>1261</value>
    <constant_key>first_instruction_address</constant_key>
  </anon>
  <anon>
    <value>1</value>
    <constant_key>release_number</constant_key>
  </anon>
  <anon>
    <value>0</value>
    <constant_key>strings_offset</constant_key>
  </anon>
  <anon>
    <value>1251</value>
    <constant_key>dictionary_address</constant_key>
  </anon>
  <anon>
    <value>5</value>
    <constant_key>version</constant_key>
  </anon>
  <anon>
    <value>4</value>
    <constant_key>packed_multiplier</constant_key>
  </anon>
</constants>

<subroutine>
  <command>
    <args></args>
    <result>gef</result>
    <opcode_address>1261</opcode_address>
    <opcode>call_vs</opcode>
    <routine>1268</routine>
    <next_pc>1266</next_pc>
    <result_num>255</result_num>
  </command>
  <command>
    <args></args>
    <opcode_address>1266</opcode_address>
    <opcode>quit</opcode>
  </command>
  <addr>1260</addr>
  <name>rtn1260</name>
</subroutine>

<subroutine>
  <command>
    <args></args>
    <opcode_address>1269</opcode_address>
    <opcode>print</opcode>
    <print_string>Hello, world!^</print_string>
    <literal_string>1270</literal_string>
  </command>
  <command>
    <args></args>
    <opcode_address>1282</opcode_address>
    <opcode>rtrue</opcode>
  </command>
  <addr>1268</addr>
  <name>rtn1268</name>
</subroutine>


<memory>
<!--
# Addr    0  1  2  3  4  5  6  7  8  9  a  b  c  d  e  f -->
000000   05 00 00 01 04 ec 04 ed 04 e3 01 0a 03 00 04 e1
000010   00 00 30 34 30 39 31 30 00 42 01 55 48 ac 00 50
000020   00 00 00 00 00 00 00 00 00 00 00 00 00 00 04 e0
000030   00 00 00 00 00 00 01 02 00 00 00 00 36 2e 33 30
000040   80 00 00 20 00 20 00 20 00 20 00 20 00 20 00 20
000050   00 20 00 20 00 20 00 20 00 20 00 20 00 20 00 20
000060   00 20 00 20 00 20 00 20 00 20 00 20 00 20 00 20
000070   00 20 00 20 00 20 00 20 00 20 00 20 00 20 00 20
000080   00 20 00 20 00 20 00 20 00 20 00 20 00 20 00 20
000090   00 20 00 20 00 20 00 20 00 20 00 20 00 20 00 20
0000a0   00 20 00 20 00 20 00 20 00 20 00 20 00 20 00 20
0000b0   00 20 00 20 00 20 00 20 00 20 00 20 00 20 00 20
0000c0   00 20 00 20 00 20 00 20 00 20 00 20 00 20 00 20
0000d0   00 20 00 20 00 20 00 20 00 20 00 20 00 20 00 20
0000e0   00 20 00 20 00 20 00 20 00 20 00 20 00 20 00 20
0000f0   00 20 00 20 00 20 00 20 00 20 00 20 00 20 00 20
000100   00 20 00 03 00 00 00 00 00 00 00 00 00 00 00 00
000110   00 00 00 00 00 00 00 00 00 00 00 00 00 00 00 00
000120   00 00 00 00 00 00 00 00 00 00 00 00 00 00 00 00
000130   00 00 00 00 00 00 00 00 00 00 00 00 00 00 00 00
000140   00 00 00 00 00 00 00 00 00 00 00 00 00 00 00 00
000150   00 00 00 00 00 00 00 00 00 00 00 00 00 00 00 00
000160   00 00 00 00 00 00 00 00 00 00 00 00 00 00 00 00
000170   00 00 00 00 00 00 00 00 00 00 00 00 00 00 00 00
000180   00 00 00 00 00 00 00 00 00 00 00 00 00 00 00 00
000190   00 00 00 00 01 c0 00 00 00 00 00 00 00 00 00 00
0001a0   00 00 01 d0 00 00 00 00 00 00 00 00 00 00 00 00
0001b0   01 e2 00 00 00 00 00 00 00 00 00 00 00 00 01 f4
0001c0   02 11 11 9b 18 00 00 00 00 00 00 00 42 00 01 00
0001d0   03 12 87 3d 48 e4 a5 00 00 00 00 00 00 00 42 00
0001e0   02 00 03 12 f4 6b 2e cd 45 00 00 00 00 00 00 00
0001f0   42 00 03 00 03 13 19 5d d3 b0 a5 00 00 00 00 00
000200   00 00 42 00 04 00 00 01 00 02 00 03 00 04 00 00
000210   00 48 01 47 00 00 00 00 00 00 00 00 00 00 00 00
000220   00 00 00 00 00 00 00 00 00 00 00 00 00 00 00 00
000230   00 00 00 00 00 00 00 00 00 00 00 00 00 00 00 00
000240   00 00 00 00 00 00 00 00 00 00 00 00 00 00 00 00
000250   00 00 00 00 00 00 00 00 00 00 00 00 00 00 00 00
000260   00 00 00 00 00 00 00 00 00 00 00 00 00 00 00 00
000270   00 00 00 00 00 00 00 00 00 00 00 00 00 00 00 00
000280   00 00 00 00 00 00 00 00 00 00 00 00 00 00 00 00
000290   01 48 01 49 01 4b 01 4d 01 4f 01 50 01 51 01 52
0002a0   00 00 00 00 00 00 00 00 00 00 00 00 00 00 00 00
0002b0   00 00 00 00 00 00 00 00 00 00 00 00 00 00 00 00
0002c0   00 00 00 00 00 00 00 00 00 00 00 00 00 00 00 00
0002d0   00 00 00 00 00 00 00 00 00 00 00 00 00 00 00 00
0002e0   00 00 00 00 00 00 00 00 00 00 00 00 00 00 00 00
0002f0   00 00 00 00 00 00 00 00 00 00 00 00 00 00 00 00
000300   00 00 00 00 00 00 00 00 00 00 00 00 00 00 00 00
000310   00 00 00 00 00 00 00 00 00 00 00 00 00 00 00 00
000320   00 00 00 00 00 00 00 00 00 00 00 00 00 00 00 00
000330   00 00 00 00 00 00 00 00 00 00 00 00 00 00 00 00
000340   00 00 00 00 00 00 00 00 00 00 00 00 00 00 00 00
000350   00 00 00 00 00 00 00 00 00 00 00 00 00 00 00 00
000360   00 00 00 00 00 00 00 00 00 00 00 00 00 00 00 00
000370   00 00 00 00 00 00 00 00 00 00 00 00 00 00 00 00
000380   00 00 00 00 00 00 00 00 00 00 00 00 00 00 00 00
000390   00 00 00 00 00 00 00 00 00 00 00 00 00 00 00 00
0003a0   00 00 00 00 00 00 00 00 00 00 00 00 00 00 00 00
0003b0   00 00 00 00 00 00 00 00 00 00 00 00 00 00 00 00
0003c0   00 00 00 00 00 00 00 00 00 00 00 00 00 00 00 00
0003d0   00 00 00 00 00 00 00 00 00 00 00 00 00 00 00 00
0003e0   00 00 00 00 00 00 00 00 00 00 00 00 00 00 00 00
0003f0   00 00 00 00 00 00 00 00 00 00 00 00 00 00 00 00
000400   00 00 00 00 00 00 00 00 00 00 00 00 00 00 00 00
000410   00 00 00 00 00 00 00 00 00 00 00 00 00 00 00 00
000420   00 00 00 00 00 00 00 00 00 00 00 00 00 00 00 00
000430   00 00 00 00 00 00 00 00 00 00 00 00 00 00 00 00
000440   00 00 00 00 00 00 00 00 00 00 00 00 00 00 00 00
000450   00 00 00 00 00 00 00 00 00 00 00 00 00 00 00 00
000460   00 00 00 00 00 00 00 00 00 00 00 00 00 00 00 00
000470   00 00 00 00 00 00 00 00 00 00 00 00 00 00 00 00
000480   00 00 00 00 00 00 00 00 00 00 00 00 00 00 00 00
000490   00 00 00 00 00 00 00 00 00 00 00 00 00 00 00 00
0004a0   00 00 00 00 00 00 00 00 00 00 00 00 00 00 00 00
0004b0   00 00 00 00 00 00 00 00 00 00 00 00 00 00 00 00
0004c0   00 00 00 00 00 00 00 00 00 00 00 00 00 00 00 00
0004d0   00 00 00 00 00 00 00 00 00 00 00 00 00 00 00 00
0004e0   00 00 00 03 2e 2c 22 09 00 00 00 00 00 e0 3f 01
0004f0   3d ff ba 00 00 b2 11 aa 46 34 16 60 72 97 45 25
000500   d0 a7 b0 00 02 b1 00 00 14 c1 73 53 42 74 72 60
000510   1b 39 5d c7 6b 2a 14 c1 f8 a5 00 00 4c d2 a8 a5
000520   22 ea 9b 2a 5d 48 5d 46 e5 45 00 00 25 58 66 f4
000530   f8 a5 00 00 5d 52 19 d3 ba 6c 00 00 22 95 f8 a5
000540   20 d1 c4 a5 56 ee cf 25 56 ee 4f 25 5b 34 16 c6
000550   5e e6 f8 a5 00 00 00 00 00 00 00 00 00 00 00 00
000560   00 00 00 00 00 00 00 00 00 00 00 00 00 00 00 00
000570   00 00 00 00 00 00 00 00 00 00 00 00 00 00 00 00
000580   00 00 00 00 00 00 00 00 00 00 00 00 00 00 00 00
000590   00 00 00 00 00 00 00 00 00 00 00 00 00 00 00 00
0005a0   00 00 00 00 00 00 00 00 00 00 00 00 00 00 00 00
0005b0   00 00 00 00 00 00 00 00 00 00 00 00 00 00 00 00
0005c0   00 00 00 00 00 00 00 00 00 00 00 00 00 00 00 00
0005d0   00 00 00 00 00 00 00 00 00 00 00 00 00 00 00 00
0005e0   00 00 00 00 00 00 00 00 00 00 00 00 00 00 00 00
0005f0   00 00 00 00 00 00 00 00 00 00 00 00 00 00 00 00

</memory>
</zfile>
